­ƒº¬ Testing NEXORA API Routes...

Test 1: GET /api/products (public)
node.exe : ÔØî Test error: fetch failed
Au caractère Ligne:1 : 52
+ ...  /t 5 /nobreak ;& node test-routes.js > test-results.txt 
2>&1 ;& time ...
+                     
~~~~~~~~~~~~~~~~~~~~~~~~~~~~~~~~~~~~~~~~~~~~~
    + CategoryInfo          : NotSpecified: (ÔØî Test error: fe 
   tch failed:String) [], RemoteException
    + FullyQualifiedErrorId : NativeCommandError
 
